[RX] De ERLANG LOCAL (fd 8) -> JOB_REQUEST 1001 @10.0.0.10:cpu:2 @10.0.0.20:gpu:1
[MANAGER] STATUS ACTUAL DEL MANAGER 10.0.0.10 ============
CPU: max:4 available:2, MEM: max:8192 available:8192, GPU: max:1 available:1
===================================================
[TX] A AGENTE REMOTO (fd 7) -> RESERVE 1001 gpu 1
[MANAGER] STATUS ACTUAL DEL MANAGER 10.0.0.10 ============
CPU: max:4 available:2, MEM: max:8192 available:8192, GPU: max:1 available:1
===================================================
==================
WARNING: ThreadSanitizer: data race (pid=55560)
  Read of size 4 at 0x727400010404 by thread T4:
    #0 worker_thread_loop agente_c/src/server.c:560 (agente+0x405712) (BuildId: 6cf70025cc3a4ce346ef14e6fd337641f8d404a9)

  Previous write of size 4 at 0x727400010404 by thread T5:
    #0 handle_outgoing_connection_event agente_c/src/server.c:203 (agente+0x4045d4) (BuildId: 6cf70025cc3a4ce346ef14e6fd337641f8d404a9)
    #1 worker_thread_loop agente_c/src/server.c:567 (agente+0x405750) (BuildId: 6cf70025cc3a4ce346ef14e6fd337641f8d404a9)

  Location is heap block of size 2120 at 0x727400010400 allocated by thread T6:
    #0 malloc <null> (libtsan.so.2+0x4c30c) (BuildId: dc0ba0fbb4c898af5813c254dc49d26023dac0d0)
    #1 connect_remote_node agente_c/src/server.c:137 (agente+0x4042ef) (BuildId: 6cf70025cc3a4ce346ef14e6fd337641f8d404a9)
    #2 process_message agente_c/src/resource_manager.c:433 (agente+0x402011) (BuildId: 6cf70025cc3a4ce346ef14e6fd337641f8d404a9)
    #3 handle_tcp_read agente_c/src/server.c:326 (agente+0x404aee) (BuildId: 6cf70025cc3a4ce346ef14e6fd337641f8d404a9)
    #4 worker_thread_loop agente_c/src/server.c:551 (agente+0x40569d) (BuildId: 6cf70025cc3a4ce346ef14e6fd337641f8d404a9)

  Thread T4 (tid=55592, running) created by main thread at:
    #0 pthread_create <null> (libtsan.so.2+0x1fd4f) (BuildId: dc0ba0fbb4c898af5813c254dc49d26023dac0d0)
    #1 main agente_c/src/main.c:78 (agente+0x405fbc) (BuildId: 6cf70025cc3a4ce346ef14e6fd337641f8d404a9)

  Thread T5 (tid=55593, running) created by main thread at:
    #0 pthread_create <null> (libtsan.so.2+0x1fd4f) (BuildId: dc0ba0fbb4c898af5813c254dc49d26023dac0d0)
    #1 main agente_c/src/main.c:78 (agente+0x405fbc) (BuildId: 6cf70025cc3a4ce346ef14e6fd337641f8d404a9)

  Thread T6 (tid=55596, running) created by main thread at:
    #0 pthread_create <null> (libtsan.so.2+0x1fd4f) (BuildId: dc0ba0fbb4c898af5813c254dc49d26023dac0d0)
    #1 main agente_c/src/main.c:78 (agente+0x405fbc) (BuildId: 6cf70025cc3a4ce346ef14e6fd337641f8d404a9)

SUMMARY: ThreadSanitizer: data race agente_c/src/server.c:560 in worker_thread_loop
==================
[RX] De AGENTE REMOTO (fd 9) -> RESERVE 1002 cpu 2
[TX] A AGENTE REMOTO (fd 9) -> GRANTED 1002
[MANAGER] STATUS ACTUAL DEL MANAGER 10.0.0.10 ============
CPU: max:4 available:0, MEM: max:8192 available:8192, GPU: max:1 available:1
===================================================
[RX] De AGENTE REMOTO (fd 9) -> RELEASE 1002 cpu 2
[RELEASE] tipo 0: cola vacía, nada para desencolar (available=2)
[QUEUE]: [ NULL]
[QUEUE]: [ NULL]
[QUEUE]: [ NULL]
[MANAGER] STATUS ACTUAL DEL MANAGER 10.0.0.10 ============
CPU: max:4 available:2, MEM: max:8192 available:8192, GPU: max:1 available:1
===================================================
[RX] De AGENTE REMOTO (fd 7) -> GRANTED 1001
[TX] A ERLANG LOCAL (fd 8) -> JOB_GRANTED 1001
[MANAGER] STATUS ACTUAL DEL MANAGER 10.0.0.10 ============
CPU: max:4 available:2, MEM: max:8192 available:8192, GPU: max:1 available:1
===================================================
[RX] De ERLANG LOCAL (fd 8) -> JOB_RELEASE 1001
[RX] A AGENTE REMOTO (fd 7) -> RELEASE 1001 gpu 1
[RELEASE] tipo 0: cola vacía, nada para desencolar (available=4)
[QUEUE]: [ NULL]
[QUEUE]: [ NULL]
[QUEUE]: [ NULL]
[MANAGER] STATUS ACTUAL DEL MANAGER 10.0.0.10 ============
CPU: max:4 available:4, MEM: max:8192 available:8192, GPU: max:1 available:1
===================================================
[QUEUE]: [ NULL]
[QUEUE]: [ NULL]
[QUEUE]: [ NULL]
