[RX] De ERLANG LOCAL (fd 7) -> JOB_REQUEST 1002 @10.0.0.10:cpu:2 @10.0.0.20:gpu:1
[MANAGER] STATUS ACTUAL DEL MANAGER 10.0.0.20 ============
CPU: max:4 available:4, MEM: max:8192 available:8192, GPU: max:1 available:0
===================================================
[TX] A AGENTE REMOTO (fd 8) -> RESERVE 1002 cpu 2
[MANAGER] STATUS ACTUAL DEL MANAGER 10.0.0.20 ============
CPU: max:4 available:4, MEM: max:8192 available:8192, GPU: max:1 available:0
===================================================
==================
WARNING: ThreadSanitizer: data race (pid=55562)
  Read of size 4 at 0x727400010404 by thread T5:
    #0 worker_thread_loop agente_c/src/server.c:560 (agente+0x405712) (BuildId: 6cf70025cc3a4ce346ef14e6fd337641f8d404a9)

  Previous write of size 4 at 0x727400010404 by thread T7:
    #0 handle_outgoing_connection_event agente_c/src/server.c:203 (agente+0x4045d4) (BuildId: 6cf70025cc3a4ce346ef14e6fd337641f8d404a9)
    #1 worker_thread_loop agente_c/src/server.c:567 (agente+0x405750) (BuildId: 6cf70025cc3a4ce346ef14e6fd337641f8d404a9)

  Location is heap block of size 2120 at 0x727400010400 allocated by thread T8:
    #0 malloc <null> (libtsan.so.2+0x4c30c) (BuildId: dc0ba0fbb4c898af5813c254dc49d26023dac0d0)
    #1 connect_remote_node agente_c/src/server.c:137 (agente+0x4042ef) (BuildId: 6cf70025cc3a4ce346ef14e6fd337641f8d404a9)
    #2 process_message agente_c/src/resource_manager.c:433 (agente+0x402011) (BuildId: 6cf70025cc3a4ce346ef14e6fd337641f8d404a9)
    #3 handle_tcp_read agente_c/src/server.c:326 (agente+0x404aee) (BuildId: 6cf70025cc3a4ce346ef14e6fd337641f8d404a9)
    #4 worker_thread_loop agente_c/src/server.c:551 (agente+0x40569d) (BuildId: 6cf70025cc3a4ce346ef14e6fd337641f8d404a9)

  Thread T5 (tid=55594, running) created by main thread at:
    #0 pthread_create <null> (libtsan.so.2+0x1fd4f) (BuildId: dc0ba0fbb4c898af5813c254dc49d26023dac0d0)
    #1 main agente_c/src/main.c:78 (agente+0x405fbc) (BuildId: 6cf70025cc3a4ce346ef14e6fd337641f8d404a9)

  Thread T7 (tid=55597, running) created by main thread at:
    #0 pthread_create <null> (libtsan.so.2+0x1fd4f) (BuildId: dc0ba0fbb4c898af5813c254dc49d26023dac0d0)
    #1 main agente_c/src/main.c:78 (agente+0x405fbc) (BuildId: 6cf70025cc3a4ce346ef14e6fd337641f8d404a9)

  Thread T8 (tid=55599, running) created by main thread at:
    #0 pthread_create <null> (libtsan.so.2+0x1fd4f) (BuildId: dc0ba0fbb4c898af5813c254dc49d26023dac0d0)
    #1 main agente_c/src/main.c:78 (agente+0x405fbc) (BuildId: 6cf70025cc3a4ce346ef14e6fd337641f8d404a9)

SUMMARY: ThreadSanitizer: data race agente_c/src/server.c:560 in worker_thread_loop
==================
[RX] De AGENTE REMOTO (fd 9) -> RESERVE 1001 gpu 1
[QUEUE]: [job_id: 1001, amount: 1, type: REMOTE -> NULL]
[RX] De AGENTE REMOTO (fd 8) -> GRANTED 1002
[TX] A ERLANG LOCAL (fd 7) -> JOB_GRANTED 1002
[MANAGER] STATUS ACTUAL DEL MANAGER 10.0.0.20 ============
CPU: max:4 available:4, MEM: max:8192 available:8192, GPU: max:1 available:0
===================================================
[RX] De ERLANG LOCAL (fd 7) -> JOB_RELEASE 1002
[RX] A AGENTE REMOTO (fd 8) -> RELEASE 1002 cpu 2
==================
WARNING: ThreadSanitizer: data race (pid=55562)
  Write of size 4 at 0x00000040e2d0 by thread T6 (mutexes: write M0, write M1):
    #0 release_resource agente_c/src/resource_manager.c:153 (agente+0x400e00) (BuildId: 6cf70025cc3a4ce346ef14e6fd337641f8d404a9)
    #1 tabla_jobs_remove agente_c/src/tabla_jobs.c:228 (agente+0x4074bb) (BuildId: 6cf70025cc3a4ce346ef14e6fd337641f8d404a9)
    #2 process_message agente_c/src/resource_manager.c:543 (agente+0x4025d1) (BuildId: 6cf70025cc3a4ce346ef14e6fd337641f8d404a9)
    #3 handle_tcp_read agente_c/src/server.c:326 (agente+0x404aee) (BuildId: 6cf70025cc3a4ce346ef14e6fd337641f8d404a9)
    #4 worker_thread_loop agente_c/src/server.c:551 (agente+0x40569d) (BuildId: 6cf70025cc3a4ce346ef14e6fd337641f8d404a9)

  Previous read of size 4 at 0x00000040e2d0 by thread T7:
    #0 print_manager agente_c/src/resource_manager.c:116 (agente+0x400aa7) (BuildId: 6cf70025cc3a4ce346ef14e6fd337641f8d404a9)
    #1 process_connection_ready agente_c/src/resource_manager.c:743 (agente+0x402d30) (BuildId: 6cf70025cc3a4ce346ef14e6fd337641f8d404a9)
    #2 handle_outgoing_connection_event agente_c/src/server.c:219 (agente+0x40468d) (BuildId: 6cf70025cc3a4ce346ef14e6fd337641f8d404a9)
    #3 worker_thread_loop agente_c/src/server.c:567 (agente+0x405750) (BuildId: 6cf70025cc3a4ce346ef14e6fd337641f8d404a9)

  Location is global 'manager' of size 824 at 0x00000040e240 (agente+0x40e2d0)

  Mutex M0 (0x00000040e550) created at:
    #0 pthread_mutex_init <null> (libtsan.so.2+0x1ecf8) (BuildId: dc0ba0fbb4c898af5813c254dc49d26023dac0d0)
    #1 tabla_jobs_init agente_c/src/tabla_jobs.c:49 (agente+0x406a2a) (BuildId: 6cf70025cc3a4ce346ef14e6fd337641f8d404a9)
    #2 manager_init agente_c/src/resource_manager.c:207 (agente+0x40137d) (BuildId: 6cf70025cc3a4ce346ef14e6fd337641f8d404a9)
    #3 main agente_c/src/main.c:54 (agente+0x405e6b) (BuildId: 6cf70025cc3a4ce346ef14e6fd337641f8d404a9)

  Mutex M1 (0x00000040e2f0) created at:
    #0 pthread_mutex_init <null> (libtsan.so.2+0x1ecf8) (BuildId: dc0ba0fbb4c898af5813c254dc49d26023dac0d0)
    #1 manager_init agente_c/src/resource_manager.c:217 (agente+0x4013d7) (BuildId: 6cf70025cc3a4ce346ef14e6fd337641f8d404a9)
    #2 main agente_c/src/main.c:54 (agente+0x405e6b) (BuildId: 6cf70025cc3a4ce346ef14e6fd337641f8d404a9)

  Thread T6 (tid=55595, running) created by main thread at:
    #0 pthread_create <null> (libtsan.so.2+0x1fd4f) (BuildId: dc0ba0fbb4c898af5813c254dc49d26023dac0d0)
    #1 main agente_c/src/main.c:78 (agente+0x405fbc) (BuildId: 6cf70025cc3a4ce346ef14e6fd337641f8d404a9)

  Thread T7 (tid=55597, running) created by main thread at:
    #0 pthread_create <null> (libtsan.so.2+0x1fd4f) (BuildId: dc0ba0fbb4c898af5813c254dc49d26023dac0d0)
    #1 main agente_c/src/main.c:78 (agente+0x405fbc) (BuildId: 6cf70025cc3a4ce346ef14e6fd337641f8d404a9)

SUMMARY: ThreadSanitizer: data race agente_c/src/resource_manager.c:153 in release_resource
==================
[QUEUE]: [ NULL]
[DEQUEUE] Job 1001 desencolado (tipo 2, amount 1, available_restante 0)
[TX] A AGENTE REMOTO (fd 9) -> GRANTED 1001
[QUEUE]: [ NULL]
[QUEUE]: [ NULL]
[QUEUE]: [ NULL]
[MANAGER] STATUS ACTUAL DEL MANAGER 10.0.0.20 ============
CPU: max:4 available:4, MEM: max:8192 available:8192, GPU: max:1 available:0
===================================================
[QUEUE]: [ NULL]
[QUEUE]: [ NULL]
[QUEUE]: [ NULL]
[RX] De AGENTE REMOTO (fd 9) -> RELEASE 1001 gpu 1
[RELEASE] tipo 2: cola vacía, nada para desencolar (available=1)
[QUEUE]: [ NULL]
[QUEUE]: [ NULL]
[QUEUE]: [ NULL]
[MANAGER] STATUS ACTUAL DEL MANAGER 10.0.0.20 ============
CPU: max:4 available:4, MEM: max:8192 available:8192, GPU: max:1 available:1
===================================================
